
> my-app@0.0.0 build
> tsc -b && vite build

vite.config.ts(23,9): error TS2769: No overload matches this call.
  The last overload gave the following error.
    Type 'Processor_ | Plugin' is not assignable to type 'AcceptedPlugin'.
      Type 'Processor_' is not assignable to type 'AcceptedPlugin'.
        Type 'import("C:/Users/Usuario/Workspace/01_Proyectos/Anclora-Private-Estates-Kimi2.5/node_modules/postcss/lib/processor").default' is not assignable to type 'import("C:/Users/Usuario/Workspace/01_Proyectos/Anclora-Private-Estates-Kimi2.5/node_modules/vite/node_modules/postcss/lib/processor").default'.
          Types of property 'plugins' are incompatible.
            Type '(Transformer | TransformCallback | Plugin)[]' is not assignable to type '(Plugin | TransformCallback | Transformer)[]'.
              Type 'Transformer | TransformCallback | Plugin' is not assignable to type 'Plugin | TransformCallback | Transformer'.
                Type 'TransformCallback' is not assignable to type 'Plugin | TransformCallback | Transformer'.
                  Type 'import("C:/Users/Usuario/Workspace/01_Proyectos/Anclora-Private-Estates-Kimi2.5/node_modules/postcss/lib/postcss").TransformCallback' is not assignable to type 'import("C:/Users/Usuario/Workspace/01_Proyectos/Anclora-Private-Estates-Kimi2.5/node_modules/vite/node_modules/postcss/lib/postcss").TransformCallback'.
                    Types of parameters 'root' and 'root' are incompatible.
                      Type 'import("C:/Users/Usuario/Workspace/01_Proyectos/Anclora-Private-Estates-Kimi2.5/node_modules/vite/node_modules/postcss/lib/root").default' is not assignable to type 'import("C:/Users/Usuario/Workspace/01_Proyectos/Anclora-Private-Estates-Kimi2.5/node_modules/postcss/lib/root").default'.
                        Types of property 'nodes' are incompatible.
                          Type 'import("C:/Users/Usuario/Workspace/01_Proyectos/Anclora-Private-Estates-Kimi2.5/node_modules/vite/node_modules/postcss/lib/node").ChildNode[]' is not assignable to type 'import("C:/Users/Usuario/Workspace/01_Proyectos/Anclora-Private-Estates-Kimi2.5/node_modules/postcss/lib/node").ChildNode[]'.
                            Type 'import("C:/Users/Usuario/Workspace/01_Proyectos/Anclora-Private-Estates-Kimi2.5/node_modules/vite/node_modules/postcss/lib/node").ChildNode' is not assignable to type 'import("C:/Users/Usuario/Workspace/01_Proyectos/Anclora-Private-Estates-Kimi2.5/node_modules/postcss/lib/node").ChildNode'.
                              Type 'AtRule_' is not assignable to type 'ChildNode'.
                                Type 'import("C:/Users/Usuario/Workspace/01_Proyectos/Anclora-Private-Estates-Kimi2.5/node_modules/vite/node_modules/postcss/lib/at-rule").default' is not assignable to type 'import("C:/Users/Usuario/Workspace/01_Proyectos/Anclora-Private-Estates-Kimi2.5/node_modules/postcss/lib/at-rule").default'.
                                  Types of property 'parent' are incompatible.
                                    Type 'ContainerWithChildren | undefined' is not assignable to type 'ContainerWithChildren<ChildNode> | undefined'.
                                      Type '{ nodes: ChildNode[]; } & AtRule_' is not assignable to type 'ContainerWithChildren<ChildNode> | undefined'.
                                        Type '{ nodes: ChildNode[]; } & AtRule_' is not assignable to type 'ContainerWithChildren<ChildNode>'.
                                          Property 'normalize' is protected but type 'Container_<Child>' is not a class derived from 'Container_<Child>'.
                                            Type 'Plugin & ExportedAPI' is not assignable to type 'AcceptedPlugin'.
                                              Type 'Plugin & ExportedAPI' is not assignable to type 'Plugin'.
                                                Types of property 'prepare' are incompatible.
                                                  Type '((result: import("C:/Users/Usuario/Workspace/01_Proyectos/Anclora-Private-Estates-Kimi2.5/node_modules/postcss/lib/result").default<import("C:/Users/Usuario/Workspace/01_Proyectos/Anclora-Private-Estates-Kimi2.5/node_modules/postcss/lib/document").default | import("C:/Users/Usuario/Workspace/01_Proyectos/Anclora-Pri...' is not assignable to type '((result: import("C:/Users/Usuario/Workspace/01_Proyectos/Anclora-Private-Estates-Kimi2.5/node_modules/vite/node_modules/postcss/lib/result").default<import("C:/Users/Usuario/Workspace/01_Proyectos/Anclora-Private-Estates-Kimi2.5/node_modules/vite/node_modules/postcss/lib/document").default | import("C:/Users/Usuari...'.
                                                    Type '(result: import("C:/Users/Usuario/Workspace/01_Proyectos/Anclora-Private-Estates-Kimi2.5/node_modules/postcss/lib/result").default<import("C:/Users/Usuario/Workspace/01_Proyectos/Anclora-Private-Estates-Kimi2.5/node_modules/postcss/lib/document").default | import("C:/Users/Usuario/Workspace/01_Proyectos/Anclora-Priv...' is not assignable to type '(result: import("C:/Users/Usuario/Workspace/01_Proyectos/Anclora-Private-Estates-Kimi2.5/node_modules/vite/node_modules/postcss/lib/result").default<import("C:/Users/Usuario/Workspace/01_Proyectos/Anclora-Private-Estates-Kimi2.5/node_modules/vite/node_modules/postcss/lib/document").default | import("C:/Users/Usuario...'.
                                                      Types of parameters 'result' and 'result' are incompatible.
                                                        Type 'import("C:/Users/Usuario/Workspace/01_Proyectos/Anclora-Private-Estates-Kimi2.5/node_modules/vite/node_modules/postcss/lib/result").default<import("C:/Users/Usuario/Workspace/01_Proyectos/Anclora-Private-Estates-Kimi2.5/node_modules/vite/node_modules/postcss/lib/document").default | import("C:/Users/Usuario/Workspac...' is not assignable to type 'import("C:/Users/Usuario/Workspace/01_Proyectos/Anclora-Private-Estates-Kimi2.5/node_modules/postcss/lib/result").default<import("C:/Users/Usuario/Workspace/01_Proyectos/Anclora-Private-Estates-Kimi2.5/node_modules/postcss/lib/document").default | import("C:/Users/Usuario/Workspace/01_Proyectos/Anclora-Private-Estat...'.
                                                          Types of property 'lastPlugin' are incompatible.
                                                            Type 'Plugin | TransformCallback' is not assignable to type 'TransformCallback | Plugin'.
                                                              Type 'Plugin' is not assignable to type 'TransformCallback | Plugin'.
                                                                Type 'import("C:/Users/Usuario/Workspace/01_Proyectos/Anclora-Private-Estates-Kimi2.5/node_modules/vite/node_modules/postcss/lib/postcss").Plugin' is not assignable to type 'import("C:/Users/Usuario/Workspace/01_Proyectos/Anclora-Private-Estates-Kimi2.5/node_modules/postcss/lib/postcss").Plugin'.
                                                                  Types of property 'prepare' are incompatible.
                                                                    Type '((result: import("C:/Users/Usuario/Workspace/01_Proyectos/Anclora-Private-Estates-Kimi2.5/node_modules/vite/node_modules/postcss/lib/result").default<import("C:/Users/Usuario/Workspace/01_Proyectos/Anclora-Private-Estates-Kimi2.5/node_modules/vite/node_modules/postcss/lib/document").default | import("C:/Users/Usuari...' is not assignable to type '((result: import("C:/Users/Usuario/Workspace/01_Proyectos/Anclora-Private-Estates-Kimi2.5/node_modules/postcss/lib/result").default<import("C:/Users/Usuario/Workspace/01_Proyectos/Anclora-Private-Estates-Kimi2.5/node_modules/postcss/lib/document").default | import("C:/Users/Usuario/Workspace/01_Proyectos/Anclora-Pri...'.
                                                                      Type '(result: import("C:/Users/Usuario/Workspace/01_Proyectos/Anclora-Private-Estates-Kimi2.5/node_modules/vite/node_modules/postcss/lib/result").default<import("C:/Users/Usuario/Workspace/01_Proyectos/Anclora-Private-Estates-Kimi2.5/node_modules/vite/node_modules/postcss/lib/document").default | import("C:/Users/Usuario...' is not assignable to type '(result: import("C:/Users/Usuario/Workspace/01_Proyectos/Anclora-Private-Estates-Kimi2.5/node_modules/postcss/lib/result").default<import("C:/Users/Usuario/Workspace/01_Proyectos/Anclora-Private-Estates-Kimi2.5/node_modules/postcss/lib/document").default | import("C:/Users/Usuario/Workspace/01_Proyectos/Anclora-Priv...'.
                                                                        Types of parameters 'result' and 'result' are incompatible.
                                                                          Type 'import("C:/Users/Usuario/Workspace/01_Proyectos/Anclora-Private-Estates-Kimi2.5/node_modules/postcss/lib/result").default<import("C:/Users/Usuario/Workspace/01_Proyectos/Anclora-Private-Estates-Kimi2.5/node_modules/postcss/lib/document").default | import("C:/Users/Usuario/Workspace/01_Proyectos/Anclora-Private-Estat...' is not assignable to type 'import("C:/Users/Usuario/Workspace/01_Proyectos/Anclora-Private-Estates-Kimi2.5/node_modules/vite/node_modules/postcss/lib/result").default<import("C:/Users/Usuario/Workspace/01_Proyectos/Anclora-Private-Estates-Kimi2.5/node_modules/vite/node_modules/postcss/lib/document").default | import("C:/Users/Usuario/Workspac...'.
                                                                            Types of property 'lastPlugin' are incompatible.
                                                                              Type 'TransformCallback | Plugin' is not assignable to type 'Plugin | TransformCallback'.
                                                                                Type 'TransformCallback' is not assignable to type 'Plugin | TransformCallback'.
                                                                                  Type 'import("C:/Users/Usuario/Workspace/01_Proyectos/Anclora-Private-Estates-Kimi2.5/node_modules/postcss/lib/postcss").TransformCallback' is not assignable to type 'import("C:/Users/Usuario/Workspace/01_Proyectos/Anclora-Private-Estates-Kimi2.5/node_modules/vite/node_modules/postcss/lib/postcss").TransformCallback'.
                                                                                    Types of parameters 'root' and 'root' are incompatible.
                                                                                      Type 'import("C:/Users/Usuario/Workspace/01_Proyectos/Anclora-Private-Estates-Kimi2.5/node_modules/vite/node_modules/postcss/lib/root").default' is not assignable to type 'import("C:/Users/Usuario/Workspace/01_Proyectos/Anclora-Private-Estates-Kimi2.5/node_modules/postcss/lib/root").default'.
                                                                                        Types of property 'nodes' are incompatible.
                                                                                          Type 'import("C:/Users/Usuario/Workspace/01_Proyectos/Anclora-Private-Estates-Kimi2.5/node_modules/vite/node_modules/postcss/lib/node").ChildNode[]' is not assignable to type 'import("C:/Users/Usuario/Workspace/01_Proyectos/Anclora-Private-Estates-Kimi2.5/node_modules/postcss/lib/node").ChildNode[]'.
                                                                                            Type 'import("C:/Users/Usuario/Workspace/01_Proyectos/Anclora-Private-Estates-Kimi2.5/node_modules/vite/node_modules/postcss/lib/node").ChildNode' is not assignable to type 'import("C:/Users/Usuario/Workspace/01_Proyectos/Anclora-Private-Estates-Kimi2.5/node_modules/postcss/lib/node").ChildNode'.
                                                                                              Type 'AtRule_' is not assignable to type 'ChildNode'.
                                                                                                Type 'import("C:/Users/Usuario/Workspace/01_Proyectos/Anclora-Private-Estates-Kimi2.5/node_modules/vite/node_modules/postcss/lib/at-rule").default' is not assignable to type 'import("C:/Users/Usuario/Workspace/01_Proyectos/Anclora-Private-Estates-Kimi2.5/node_modules/postcss/lib/at-rule").default'.
                                                                                                  Types of property 'parent' are incompatible.
                                                                                                    Type 'ContainerWithChildren | undefined' is not assignable to type 'ContainerWithChildren<ChildNode> | undefined'.
                                                                                                      Type '{ nodes: ChildNode[]; } & AtRule_' is not assignable to type 'ContainerWithChildren<ChildNode> | undefined'.
                                                                                                        Type '{ nodes: ChildNode[]; } & AtRule_' is not assignable to type 'ContainerWithChildren<ChildNode>'.
                                                                                                          Property 'normalize' is protected but type 'Container_<Child>' is not a class derived from 'Container_<Child>'.
vite.config.ts(24,9): error TS2769: No overload matches this call.
  The last overload gave the following error.
    Type 'Processor_ | Plugin' is not assignable to type 'AcceptedPlugin'.
      Type 'Processor_' is not assignable to type 'AcceptedPlugin'.
        Type 'import("C:/Users/Usuario/Workspace/01_Proyectos/Anclora-Private-Estates-Kimi2.5/node_modules/postcss/lib/processor").default' is not assignable to type 'import("C:/Users/Usuario/Workspace/01_Proyectos/Anclora-Private-Estates-Kimi2.5/node_modules/vite/node_modules/postcss/lib/processor").default'.
          Types of property 'plugins' are incompatible.
            Type '(Transformer | TransformCallback | Plugin)[]' is not assignable to type '(Plugin | TransformCallback | Transformer)[]'.
              Type 'Transformer | TransformCallback | Plugin' is not assignable to type 'Plugin | TransformCallback | Transformer'.
                Type 'TransformCallback' is not assignable to type 'Plugin | TransformCallback | Transformer'.
                  Type 'import("C:/Users/Usuario/Workspace/01_Proyectos/Anclora-Private-Estates-Kimi2.5/node_modules/postcss/lib/postcss").TransformCallback' is not assignable to type 'import("C:/Users/Usuario/Workspace/01_Proyectos/Anclora-Private-Estates-Kimi2.5/node_modules/vite/node_modules/postcss/lib/postcss").TransformCallback'.
                    Types of parameters 'root' and 'root' are incompatible.
                      Type 'import("C:/Users/Usuario/Workspace/01_Proyectos/Anclora-Private-Estates-Kimi2.5/node_modules/vite/node_modules/postcss/lib/root").default' is not assignable to type 'import("C:/Users/Usuario/Workspace/01_Proyectos/Anclora-Private-Estates-Kimi2.5/node_modules/postcss/lib/root").default'.
                        Types of property 'nodes' are incompatible.
                          Type 'import("C:/Users/Usuario/Workspace/01_Proyectos/Anclora-Private-Estates-Kimi2.5/node_modules/vite/node_modules/postcss/lib/node").ChildNode[]' is not assignable to type 'import("C:/Users/Usuario/Workspace/01_Proyectos/Anclora-Private-Estates-Kimi2.5/node_modules/postcss/lib/node").ChildNode[]'.
                            Type 'import("C:/Users/Usuario/Workspace/01_Proyectos/Anclora-Private-Estates-Kimi2.5/node_modules/vite/node_modules/postcss/lib/node").ChildNode' is not assignable to type 'import("C:/Users/Usuario/Workspace/01_Proyectos/Anclora-Private-Estates-Kimi2.5/node_modules/postcss/lib/node").ChildNode'.
                              Type 'AtRule_' is not assignable to type 'ChildNode'.
                                Type 'import("C:/Users/Usuario/Workspace/01_Proyectos/Anclora-Private-Estates-Kimi2.5/node_modules/vite/node_modules/postcss/lib/at-rule").default' is not assignable to type 'import("C:/Users/Usuario/Workspace/01_Proyectos/Anclora-Private-Estates-Kimi2.5/node_modules/postcss/lib/at-rule").default'.
                                  Types of property 'parent' are incompatible.
                                    Type 'ContainerWithChildren | undefined' is not assignable to type 'ContainerWithChildren<ChildNode> | undefined'.
                                      Type '{ nodes: ChildNode[]; } & AtRule_' is not assignable to type 'ContainerWithChildren<ChildNode> | undefined'.
                                        Type '{ nodes: ChildNode[]; } & AtRule_' is not assignable to type 'ContainerWithChildren<ChildNode>'.
                                          Property 'normalize' is protected but type 'Container_<Child>' is not a class derived from 'Container_<Child>'.
                                            Type 'Plugin & ExportedAPI' is not assignable to type 'AcceptedPlugin'.
                                              Type 'Plugin & ExportedAPI' is not assignable to type 'Plugin'.
                                                Types of property 'prepare' are incompatible.
                                                  Type '((result: import("C:/Users/Usuario/Workspace/01_Proyectos/Anclora-Private-Estates-Kimi2.5/node_modules/postcss/lib/result").default<import("C:/Users/Usuario/Workspace/01_Proyectos/Anclora-Private-Estates-Kimi2.5/node_modules/postcss/lib/document").default | import("C:/Users/Usuario/Workspace/01_Proyectos/Anclora-Pri...' is not assignable to type '((result: import("C:/Users/Usuario/Workspace/01_Proyectos/Anclora-Private-Estates-Kimi2.5/node_modules/vite/node_modules/postcss/lib/result").default<import("C:/Users/Usuario/Workspace/01_Proyectos/Anclora-Private-Estates-Kimi2.5/node_modules/vite/node_modules/postcss/lib/document").default | import("C:/Users/Usuari...'.
                                                    Type '(result: import("C:/Users/Usuario/Workspace/01_Proyectos/Anclora-Private-Estates-Kimi2.5/node_modules/postcss/lib/result").default<import("C:/Users/Usuario/Workspace/01_Proyectos/Anclora-Private-Estates-Kimi2.5/node_modules/postcss/lib/document").default | import("C:/Users/Usuario/Workspace/01_Proyectos/Anclora-Priv...' is not assignable to type '(result: import("C:/Users/Usuario/Workspace/01_Proyectos/Anclora-Private-Estates-Kimi2.5/node_modules/vite/node_modules/postcss/lib/result").default<import("C:/Users/Usuario/Workspace/01_Proyectos/Anclora-Private-Estates-Kimi2.5/node_modules/vite/node_modules/postcss/lib/document").default | import("C:/Users/Usuario...'.
                                                      Types of parameters 'result' and 'result' are incompatible.
                                                        Type 'import("C:/Users/Usuario/Workspace/01_Proyectos/Anclora-Private-Estates-Kimi2.5/node_modules/vite/node_modules/postcss/lib/result").default<import("C:/Users/Usuario/Workspace/01_Proyectos/Anclora-Private-Estates-Kimi2.5/node_modules/vite/node_modules/postcss/lib/document").default | import("C:/Users/Usuario/Workspac...' is not assignable to type 'import("C:/Users/Usuario/Workspace/01_Proyectos/Anclora-Private-Estates-Kimi2.5/node_modules/postcss/lib/result").default<import("C:/Users/Usuario/Workspace/01_Proyectos/Anclora-Private-Estates-Kimi2.5/node_modules/postcss/lib/document").default | import("C:/Users/Usuario/Workspace/01_Proyectos/Anclora-Private-Estat...'.
                                                          Types of property 'lastPlugin' are incompatible.
                                                            Type 'Plugin | TransformCallback' is not assignable to type 'TransformCallback | Plugin'.
                                                              Type 'Plugin' is not assignable to type 'TransformCallback | Plugin'.
                                                                Type 'import("C:/Users/Usuario/Workspace/01_Proyectos/Anclora-Private-Estates-Kimi2.5/node_modules/vite/node_modules/postcss/lib/postcss").Plugin' is not assignable to type 'import("C:/Users/Usuario/Workspace/01_Proyectos/Anclora-Private-Estates-Kimi2.5/node_modules/postcss/lib/postcss").Plugin'.
                                                                  Types of property 'prepare' are incompatible.
                                                                    Type '((result: import("C:/Users/Usuario/Workspace/01_Proyectos/Anclora-Private-Estates-Kimi2.5/node_modules/vite/node_modules/postcss/lib/result").default<import("C:/Users/Usuario/Workspace/01_Proyectos/Anclora-Private-Estates-Kimi2.5/node_modules/vite/node_modules/postcss/lib/document").default | import("C:/Users/Usuari...' is not assignable to type '((result: import("C:/Users/Usuario/Workspace/01_Proyectos/Anclora-Private-Estates-Kimi2.5/node_modules/postcss/lib/result").default<import("C:/Users/Usuario/Workspace/01_Proyectos/Anclora-Private-Estates-Kimi2.5/node_modules/postcss/lib/document").default | import("C:/Users/Usuario/Workspace/01_Proyectos/Anclora-Pri...'.
                                                                      Type '(result: import("C:/Users/Usuario/Workspace/01_Proyectos/Anclora-Private-Estates-Kimi2.5/node_modules/vite/node_modules/postcss/lib/result").default<import("C:/Users/Usuario/Workspace/01_Proyectos/Anclora-Private-Estates-Kimi2.5/node_modules/vite/node_modules/postcss/lib/document").default | import("C:/Users/Usuario...' is not assignable to type '(result: import("C:/Users/Usuario/Workspace/01_Proyectos/Anclora-Private-Estates-Kimi2.5/node_modules/postcss/lib/result").default<import("C:/Users/Usuario/Workspace/01_Proyectos/Anclora-Private-Estates-Kimi2.5/node_modules/postcss/lib/document").default | import("C:/Users/Usuario/Workspace/01_Proyectos/Anclora-Priv...'.
                                                                        Types of parameters 'result' and 'result' are incompatible.
                                                                          Type 'import("C:/Users/Usuario/Workspace/01_Proyectos/Anclora-Private-Estates-Kimi2.5/node_modules/postcss/lib/result").default<import("C:/Users/Usuario/Workspace/01_Proyectos/Anclora-Private-Estates-Kimi2.5/node_modules/postcss/lib/document").default | import("C:/Users/Usuario/Workspace/01_Proyectos/Anclora-Private-Estat...' is not assignable to type 'import("C:/Users/Usuario/Workspace/01_Proyectos/Anclora-Private-Estates-Kimi2.5/node_modules/vite/node_modules/postcss/lib/result").default<import("C:/Users/Usuario/Workspace/01_Proyectos/Anclora-Private-Estates-Kimi2.5/node_modules/vite/node_modules/postcss/lib/document").default | import("C:/Users/Usuario/Workspac...'.
                                                                            Types of property 'lastPlugin' are incompatible.
                                                                              Type 'TransformCallback | Plugin' is not assignable to type 'Plugin | TransformCallback'.
                                                                                Type 'TransformCallback' is not assignable to type 'Plugin | TransformCallback'.
                                                                                  Type 'import("C:/Users/Usuario/Workspace/01_Proyectos/Anclora-Private-Estates-Kimi2.5/node_modules/postcss/lib/postcss").TransformCallback' is not assignable to type 'import("C:/Users/Usuario/Workspace/01_Proyectos/Anclora-Private-Estates-Kimi2.5/node_modules/vite/node_modules/postcss/lib/postcss").TransformCallback'.
                                                                                    Types of parameters 'root' and 'root' are incompatible.
                                                                                      Type 'import("C:/Users/Usuario/Workspace/01_Proyectos/Anclora-Private-Estates-Kimi2.5/node_modules/vite/node_modules/postcss/lib/root").default' is not assignable to type 'import("C:/Users/Usuario/Workspace/01_Proyectos/Anclora-Private-Estates-Kimi2.5/node_modules/postcss/lib/root").default'.
                                                                                        Types of property 'nodes' are incompatible.
                                                                                          Type 'import("C:/Users/Usuario/Workspace/01_Proyectos/Anclora-Private-Estates-Kimi2.5/node_modules/vite/node_modules/postcss/lib/node").ChildNode[]' is not assignable to type 'import("C:/Users/Usuario/Workspace/01_Proyectos/Anclora-Private-Estates-Kimi2.5/node_modules/postcss/lib/node").ChildNode[]'.
                                                                                            Type 'import("C:/Users/Usuario/Workspace/01_Proyectos/Anclora-Private-Estates-Kimi2.5/node_modules/vite/node_modules/postcss/lib/node").ChildNode' is not assignable to type 'import("C:/Users/Usuario/Workspace/01_Proyectos/Anclora-Private-Estates-Kimi2.5/node_modules/postcss/lib/node").ChildNode'.
                                                                                              Type 'AtRule_' is not assignable to type 'ChildNode'.
                                                                                                Type 'import("C:/Users/Usuario/Workspace/01_Proyectos/Anclora-Private-Estates-Kimi2.5/node_modules/vite/node_modules/postcss/lib/at-rule").default' is not assignable to type 'import("C:/Users/Usuario/Workspace/01_Proyectos/Anclora-Private-Estates-Kimi2.5/node_modules/postcss/lib/at-rule").default'.
                                                                                                  Types of property 'parent' are incompatible.
                                                                                                    Type 'ContainerWithChildren | undefined' is not assignable to type 'ContainerWithChildren<ChildNode> | undefined'.
                                                                                                      Type '{ nodes: ChildNode[]; } & AtRule_' is not assignable to type 'ContainerWithChildren<ChildNode> | undefined'.
                                                                                                        Type '{ nodes: ChildNode[]; } & AtRule_' is not assignable to type 'ContainerWithChildren<ChildNode>'.
                                                                                                          Property 'normalize' is protected but type 'Container_<Child>' is not a class derived from 'Container_<Child>'.
